// Jest Snapshot v1, https://goo.gl/fbAQLP

exports[`utils getFailedMessage should return an error message if the status is "failed" 1`] = `
Object {
  "error_message": "Actual: WebdriverIO · Next-gen WebDriver test framework for Node.js
Expected: WebdriverIO

Stack:
AssertionError: expected 'WebdriverIO · Next-gen WebDriver test framework for Node.js' to equal 'WebdriverIO'
    at World.equal (/step_definitions/all.steps.js:39:35)",
}
`;
